// Jest Snapshot v1, https://goo.gl/fbAQLP

exports[`AboutView.vue matches the snapshot 1`] = `""`;
