// Jest Snapshot v1, https://goo.gl/fbAQLP

exports[`ContactView.vue matches the snapshot 1`] = `
<div class="contact"><img alt="Vue logo" src="">
  <h1>Contact</h1>
</div>
`;
